#-----------------------------------------------------------------------
#
#  B A C K U P . L S T
#
#  List of items to backup to AMI/EBS/S3 on each server
#
#  NOTE:
#  - Server name determined by "hostname -s"
#  - Server name followed by ":"
#  - One server per line
#  - Single space as delimiter between folder fields
#  Record format:
#  1. Server
#  2. Days to keep AMIs
#  3. Days to keep EBS volume snapshots
#  4. Folders to backup to S3
#
#-----------------------------------------------------------------------
#  IF:2013-04-11 -- Created
#  IF:2014-01-20 -- Updated
#-----------------------------------------------------------------------
frn01:1:0:	/usr/lib/nagios/plugins
frn02:1:0:	/usr/lib/nagios/plugins
frn03:1:0:	/usr/lib/nagios/plugins
frn04:1:0:	/usr/lib/nagios/plugins
bck01:1:0:	/usr/lib/nagios/plugins /var/lib/tomcat7 /usr/share/tomcat7
bck02:1:0:	/usr/lib/nagios/plugins /var/lib/tomcat7 /usr/share/tomcat7
bck03:1:0:	/usr/lib/nagios/plugins /var/lib/tomcat7 /usr/share/tomcat7
bck04:1:0:	/usr/lib/nagios/plugins /var/lib/tomcat7 /usr/share/tomcat7
jnk01:1:0:	/usr/lib/nagios/plugins
jnk02:1:0:	/usr/lib/nagios/plugins
log01:2:0:	/usr/lib/nagios/plugins /apps/kibana /apps/logstash/configs
log02:2:0:	/usr/lib/nagios/plugins /apps/kibana /apps/logstash/configs
mon01:2:0:	/usr/lib/nagios/plugins /etc/collectd /etc/icinga /apps/icingatv /etc/pnp4nagios /apps/graphios
mon02:2:0:	/usr/lib/nagios/plugins /etc/collectd /etc/icinga /apps/icingatv /etc/pnp4nagios /apps/graphios
rpt01:2:0:	/usr/lib/nagios/plugins /apps/gdash /opt/graphite/conf /apps/statsd /usr/share/collectd /apps/cloudwatch2graphite /apps/sentry
rpt02:2:0:	/usr/lib/nagios/plugins /apps/gdash /opt/graphite/conf /apps/statsd /usr/share/collectd /apps/cloudwatch2graphite /apps/sentry
vpn01:2:0:	/usr/lib/nagios/plugins
vpn02:2:0:	/usr/lib/nagios/plugins
#-----------------------------------------------------------------------
